Archive member included to satisfy reference by file (symbol)

/opt/st/stm32cubeide_1.5.1/plugins/com.st.stm32cube.ide.mcu.externaltools.gnu-tools-for-stm32.7-2018-q2-update.linux64_1.5.0.202011040924/tools/bin/../lib/gcc/arm-none-eabi/7.3.1/../../../../arm-none-eabi/lib/thumb/v7e-m/fpv4-sp/hard/libc_nano.a(lib_a-errno.o)
                              Core/Src/syscalls.o (__errno)
/opt/st/stm32cubeide_1.5.1/plugins/com.st.stm32cube.ide.mcu.externaltools.gnu-tools-for-stm32.7-2018-q2-update.linux64_1.5.0.202011040924/tools/bin/../lib/gcc/arm-none-eabi/7.3.1/../../../../arm-none-eabi/lib/thumb/v7e-m/fpv4-sp/hard/libc_nano.a(lib_a-exit.o)
                              /opt/st/stm32cubeide_1.5.1/plugins/com.st.stm32cube.ide.mcu.externaltools.gnu-tools-for-stm32.7-2018-q2-update.linux64_1.5.0.202011040924/tools/bin/../lib/gcc/arm-none-eabi/7.3.1/../../../../arm-none-eabi/lib/thumb/v7e-m/fpv4-sp/hard/crt0.o (exit)
/opt/st/stm32cubeide_1.5.1/plugins/com.st.stm32cube.ide.mcu.externaltools.gnu-tools-for-stm32.7-2018-q2-update.linux64_1.5.0.202011040924/tools/bin/../lib/gcc/arm-none-eabi/7.3.1/../../../../arm-none-eabi/lib/thumb/v7e-m/fpv4-sp/hard/libc_nano.a(lib_a-impure.o)
                              /opt/st/stm32cubeide_1.5.1/plugins/com.st.stm32cube.ide.mcu.externaltools.gnu-tools-for-stm32.7-2018-q2-update.linux64_1.5.0.202011040924/tools/bin/../lib/gcc/arm-none-eabi/7.3.1/../../../../arm-none-eabi/lib/thumb/v7e-m/fpv4-sp/hard/libc_nano.a(lib_a-exit.o) (_global_impure_ptr)
/opt/st/stm32cubeide_1.5.1/plugins/com.st.stm32cube.ide.mcu.externaltools.gnu-tools-for-stm32.7-2018-q2-update.linux64_1.5.0.202011040924/tools/bin/../lib/gcc/arm-none-eabi/7.3.1/../../../../arm-none-eabi/lib/thumb/v7e-m/fpv4-sp/hard/libc_nano.a(lib_a-init.o)
                              /opt/st/stm32cubeide_1.5.1/plugins/com.st.stm32cube.ide.mcu.externaltools.gnu-tools-for-stm32.7-2018-q2-update.linux64_1.5.0.202011040924/tools/bin/../lib/gcc/arm-none-eabi/7.3.1/../../../../arm-none-eabi/lib/thumb/v7e-m/fpv4-sp/hard/crt0.o (__libc_init_array)
/opt/st/stm32cubeide_1.5.1/plugins/com.st.stm32cube.ide.mcu.externaltools.gnu-tools-for-stm32.7-2018-q2-update.linux64_1.5.0.202011040924/tools/bin/../lib/gcc/arm-none-eabi/7.3.1/../../../../arm-none-eabi/lib/thumb/v7e-m/fpv4-sp/hard/libc_nano.a(lib_a-memcpy-stub.o)
                              FreeRTOS/queue.o (memcpy)
/opt/st/stm32cubeide_1.5.1/plugins/com.st.stm32cube.ide.mcu.externaltools.gnu-tools-for-stm32.7-2018-q2-update.linux64_1.5.0.202011040924/tools/bin/../lib/gcc/arm-none-eabi/7.3.1/../../../../arm-none-eabi/lib/thumb/v7e-m/fpv4-sp/hard/libc_nano.a(lib_a-memset.o)
                              /opt/st/stm32cubeide_1.5.1/plugins/com.st.stm32cube.ide.mcu.externaltools.gnu-tools-for-stm32.7-2018-q2-update.linux64_1.5.0.202011040924/tools/bin/../lib/gcc/arm-none-eabi/7.3.1/../../../../arm-none-eabi/lib/thumb/v7e-m/fpv4-sp/hard/crt0.o (memset)
/opt/st/stm32cubeide_1.5.1/plugins/com.st.stm32cube.ide.mcu.externaltools.gnu-tools-for-stm32.7-2018-q2-update.linux64_1.5.0.202011040924/tools/bin/../lib/gcc/arm-none-eabi/7.3.1/../../../../arm-none-eabi/lib/thumb/v7e-m/fpv4-sp/hard/libc_nano.a(lib_a-strlen.o)
                              FreeRTOS/tasks.o (strlen)
/opt/st/stm32cubeide_1.5.1/plugins/com.st.stm32cube.ide.mcu.externaltools.gnu-tools-for-stm32.7-2018-q2-update.linux64_1.5.0.202011040924/tools/bin/../lib/gcc/arm-none-eabi/7.3.1/../../../../arm-none-eabi/lib/thumb/v7e-m/fpv4-sp/hard/libc_nano.a(lib_a-strncpy.o)
                              FreeRTOS/tasks.o (strncpy)
/opt/st/stm32cubeide_1.5.1/plugins/com.st.stm32cube.ide.mcu.externaltools.gnu-tools-for-stm32.7-2018-q2-update.linux64_1.5.0.202011040924/tools/bin/../lib/gcc/arm-none-eabi/7.3.1/thumb/v7e-m/fpv4-sp/hard/libgcc.a(_aeabi_uldivmod.o)
                              Drivers/STM32F4xx_HAL_Driver/Src/stm32f4xx_hal_rcc.o (__aeabi_uldivmod)
/opt/st/stm32cubeide_1.5.1/plugins/com.st.stm32cube.ide.mcu.externaltools.gnu-tools-for-stm32.7-2018-q2-update.linux64_1.5.0.202011040924/tools/bin/../lib/gcc/arm-none-eabi/7.3.1/thumb/v7e-m/fpv4-sp/hard/libgcc.a(_udivmoddi4.o)
                              /opt/st/stm32cubeide_1.5.1/plugins/com.st.stm32cube.ide.mcu.externaltools.gnu-tools-for-stm32.7-2018-q2-update.linux64_1.5.0.202011040924/tools/bin/../lib/gcc/arm-none-eabi/7.3.1/thumb/v7e-m/fpv4-sp/hard/libgcc.a(_aeabi_uldivmod.o) (__udivmoddi4)
/opt/st/stm32cubeide_1.5.1/plugins/com.st.stm32cube.ide.mcu.externaltools.gnu-tools-for-stm32.7-2018-q2-update.linux64_1.5.0.202011040924/tools/bin/../lib/gcc/arm-none-eabi/7.3.1/thumb/v7e-m/fpv4-sp/hard/libgcc.a(_dvmd_tls.o)
                              /opt/st/stm32cubeide_1.5.1/plugins/com.st.stm32cube.ide.mcu.externaltools.gnu-tools-for-stm32.7-2018-q2-update.linux64_1.5.0.202011040924/tools/bin/../lib/gcc/arm-none-eabi/7.3.1/thumb/v7e-m/fpv4-sp/hard/libgcc.a(_aeabi_uldivmod.o) (__aeabi_ldiv0)

Allocating common symbols
Common symbol       size              file

[...]
Memory Configuration

Name             Origin             Length             Attributes
CCMRAM           0x0000000010000000 0x0000000000010000 xrw
RAM              0x0000000020000000 0x0000000000020000 xrw
FLASH            0x0000000008000000 0x0000000000100000 xr
*default*        0x0000000000000000 0xffffffffffffffff

Linker script and memory map

LOAD /opt/st/stm32cubeide_1.5.1/plugins/com.st.stm32cube.ide.mcu.externaltools.gnu-tools-for-stm32.7-2018-q2-update.linux64_1.5.0.202011040924/tools/bin/../lib/gcc/arm-none-eabi/7.3.1/thumb/v7e-m/fpv4-sp/hard/crti.o
LOAD /opt/st/stm32cubeide_1.5.1/plugins/com.st.stm32cube.ide.mcu.externaltools.gnu-tools-for-stm32.7-2018-q2-update.linux64_1.5.0.202011040924/tools/bin/../lib/gcc/arm-none-eabi/7.3.1/thumb/v7e-m/fpv4-sp/hard/crtbegin.o
LOAD /opt/st/stm32cubeide_1.5.1/plugins/com.st.stm32cube.ide.mcu.externaltools.gnu-tools-for-stm32.7-2018-q2-update.linux64_1.5.0.202011040924/tools/bin/../lib/gcc/arm-none-eabi/7.3.1/../../../../arm-none-eabi/lib/thumb/v7e-m/fpv4-sp/hard/crt0.o
LOAD Core/Src/main.o
LOAD Core/Src/stm32f4xx_hal_msp.o
LOAD Core/Src/stm32f4xx_hal_timebase_tim.o
LOAD Core/Src/stm32f4xx_it.o
LOAD Core/Src/syscalls.o
LOAD Core/Src/sysmem.o
LOAD Core/Src/system_stm32f4xx.o
LOAD Core/Startup/startup_stm32f407vgtx.o
LOAD Drivers/STM32F4xx_HAL_Driver/Src/stm32f4xx_hal.o
LOAD Drivers/STM32F4xx_HAL_Driver/Src/stm32f4xx_hal_cortex.o
LOAD Drivers/STM32F4xx_HAL_Driver/Src/stm32f4xx_hal_dma.o
LOAD Drivers/STM32F4xx_HAL_Driver/Src/stm32f4xx_hal_dma_ex.o
LOAD Drivers/STM32F4xx_HAL_Driver/Src/stm32f4xx_hal_exti.o
LOAD Drivers/STM32F4xx_HAL_Driver/Src/stm32f4xx_hal_flash.o
LOAD Drivers/STM32F4xx_HAL_Driver/Src/stm32f4xx_hal_flash_ex.o
LOAD Drivers/STM32F4xx_HAL_Driver/Src/stm32f4xx_hal_flash_ramfunc.o
LOAD Drivers/STM32F4xx_HAL_Driver/Src/stm32f4xx_hal_gpio.o
LOAD Drivers/STM32F4xx_HAL_Driver/Src/stm32f4xx_hal_pwr.o
LOAD Drivers/STM32F4xx_HAL_Driver/Src/stm32f4xx_hal_pwr_ex.o
LOAD Drivers/STM32F4xx_HAL_Driver/Src/stm32f4xx_hal_rcc.o
LOAD Drivers/STM32F4xx_HAL_Driver/Src/stm32f4xx_hal_rcc_ex.o
LOAD Drivers/STM32F4xx_HAL_Driver/Src/stm32f4xx_hal_tim.o
LOAD Drivers/STM32F4xx_HAL_Driver/Src/stm32f4xx_hal_tim_ex.o
LOAD Drivers/STM32F4xx_HAL_Driver/Src/stm32f4xx_hal_uart.o
LOAD FreeRTOS/croutine.o
LOAD FreeRTOS/event_groups.o
LOAD FreeRTOS/list.o
LOAD FreeRTOS/queue.o
LOAD FreeRTOS/stream_buffer.o
LOAD FreeRTOS/tasks.o
LOAD FreeRTOS/timers.o
LOAD FreeRTOS/portable/ARM_CM4F/port.o
LOAD FreeRTOS/portable/MemMang/heap_4.o
START GROUP
LOAD /opt/st/stm32cubeide_1.5.1/plugins/com.st.stm32cube.ide.mcu.externaltools.gnu-tools-for-stm32.7-2018-q2-update.linux64_1.5.0.202011040924/tools/bin/../lib/gcc/arm-none-eabi/7.3.1/../../../../arm-none-eabi/lib/thumb/v7e-m/fpv4-sp/hard/libc_nano.a
LOAD /opt/st/stm32cubeide_1.5.1/plugins/com.st.stm32cube.ide.mcu.externaltools.gnu-tools-for-stm32.7-2018-q2-update.linux64_1.5.0.202011040924/tools/bin/../lib/gcc/arm-none-eabi/7.3.1/../../../../arm-none-eabi/lib/thumb/v7e-m/fpv4-sp/hard/libm.a
END GROUP
START GROUP
LOAD /opt/st/stm32cubeide_1.5.1/plugins/com.st.stm32cube.ide.mcu.externaltools.gnu-tools-for-stm32.7-2018-q2-update.linux64_1.5.0.202011040924/tools/bin/../lib/gcc/arm-none-eabi/7.3.1/thumb/v7e-m/fpv4-sp/hard/libgcc.a
LOAD /opt/st/stm32cubeide_1.5.1/plugins/com.st.stm32cube.ide.mcu.externaltools.gnu-tools-for-stm32.7-2018-q2-update.linux64_1.5.0.202011040924/tools/bin/../lib/gcc/arm-none-eabi/7.3.1/../../../../arm-none-eabi/lib/thumb/v7e-m/fpv4-sp/hard/libc_nano.a
END GROUP
START GROUP
LOAD /opt/st/stm32cubeide_1.5.1/plugins/com.st.stm32cube.ide.mcu.externaltools.gnu-tools-for-stm32.7-2018-q2-update.linux64_1.5.0.202011040924/tools/bin/../lib/gcc/arm-none-eabi/7.3.1/thumb/v7e-m/fpv4-sp/hard/libgcc.a
LOAD /opt/st/stm32cubeide_1.5.1/plugins/com.st.stm32cube.ide.mcu.externaltools.gnu-tools-for-stm32.7-2018-q2-update.linux64_1.5.0.202011040924/tools/bin/../lib/gcc/arm-none-eabi/7.3.1/../../../../arm-none-eabi/lib/thumb/v7e-m/fpv4-sp/hard/libc_nano.a
LOAD /opt/st/stm32cubeide_1.5.1/plugins/com.st.stm32cube.ide.mcu.externaltools.gnu-tools-for-stm32.7-2018-q2-update.linux64_1.5.0.202011040924/tools/bin/../lib/gcc/arm-none-eabi/7.3.1/../../../../arm-none-eabi/lib/thumb/v7e-m/fpv4-sp/hard/libnosys.a
END GROUP
START GROUP
LOAD /opt/st/stm32cubeide_1.5.1/plugins/com.st.stm32cube.ide.mcu.externaltools.gnu-tools-for-stm32.7-2018-q2-update.linux64_1.5.0.202011040924/tools/bin/../lib/gcc/arm-none-eabi/7.3.1/thumb/v7e-m/fpv4-sp/hard/libgcc.a
LOAD /opt/st/stm32cubeide_1.5.1/plugins/com.st.stm32cube.ide.mcu.externaltools.gnu-tools-for-stm32.7-2018-q2-update.linux64_1.5.0.202011040924/tools/bin/../lib/gcc/arm-none-eabi/7.3.1/../../../../arm-none-eabi/lib/thumb/v7e-m/fpv4-sp/hard/libc_nano.a
LOAD /opt/st/stm32cubeide_1.5.1/plugins/com.st.stm32cube.ide.mcu.externaltools.gnu-tools-for-stm32.7-2018-q2-update.linux64_1.5.0.202011040924/tools/bin/../lib/gcc/arm-none-eabi/7.3.1/../../../../arm-none-eabi/lib/thumb/v7e-m/fpv4-sp/hard/libnosys.a
END GROUP
LOAD /opt/st/stm32cubeide_1.5.1/plugins/com.st.stm32cube.ide.mcu.externaltools.gnu-tools-for-stm32.7-2018-q2-update.linux64_1.5.0.202011040924/tools/bin/../lib/gcc/arm-none-eabi/7.3.1/thumb/v7e-m/fpv4-sp/hard/crtend.o
LOAD /opt/st/stm32cubeide_1.5.1/plugins/com.st.stm32cube.ide.mcu.externaltools.gnu-tools-for-stm32.7-2018-q2-update.linux64_1.5.0.202011040924/tools/bin/../lib/gcc/arm-none-eabi/7.3.1/thumb/v7e-m/fpv4-sp/hard/crtn.o
                0x0000000020020000                _estack = (ORIGIN (RAM) + LENGTH (RAM))
                0x0000000000000200                _Min_Heap_Size = 0x200
                0x0000000000000400                _Min_Stack_Size = 0x400

.isr_vector     0x0000000008000000      0x188
                0x0000000008000000                . = ALIGN (0x4)
 *(.isr_vector)
 .isr_vector    0x0000000008000000      0x188 Core/Startup/startup_stm32f407vgtx.o
                0x0000000008000000                g_pfnVectors
                0x0000000008000188                . = ALIGN (0x4)

.text           0x0000000008000190     0x54dc
                0x0000000008000190                . = ALIGN (0x4)
 *(.text)
 .text          0x0000000008000190       0x40 /opt/st/stm32cubeide_1.5.1/plugins/com.st.stm32cube.ide.mcu.externaltools.gnu-tools-for-stm32.7-2018-q2-update.linux64_1.5.0.202011040924/tools/bin/../lib/gcc/arm-none-eabi/7.3.1/thumb/v7e-m/fpv4-sp/hard/crtbegin.o
 .text          0x00000000080001d0       0x10 /opt/st/stm32cubeide_1.5.1/plugins/com.st.stm32cube.ide.mcu.externaltools.gnu-tools-for-stm32.7-2018-q2-update.linux64_1.5.0.202011040924/tools/bin/../lib/gcc/arm-none-eabi/7.3.1/../../../../arm-none-eabi/lib/thumb/v7e-m/fpv4-sp/hard/libc_nano.a(lib_a-strlen.o)
                0x00000000080001d0                strlen
 .text          0x00000000080001e0       0x30 /opt/st/stm32cubeide_1.5.1/plugins/com.st.stm32cube.ide.mcu.externaltools.gnu-tools-for-stm32.7-2018-q2-update.linux64_1.5.0.202011040924/tools/bin/../lib/gcc/arm-none-eabi/7.3.1/thumb/v7e-m/fpv4-sp/hard/libgcc.a(_aeabi_uldivmod.o)
                0x00000000080001e0                __aeabi_uldivmod
 .text          0x0000000008000210      0x2cc /opt/st/stm32cubeide_1.5.1/plugins/com.st.stm32cube.ide.mcu.externaltools.gnu-tools-for-stm32.7-2018-q2-update.linux64_1.5.0.202011040924/tools/bin/../lib/gcc/arm-none-eabi/7.3.1/thumb/v7e-m/fpv4-sp/hard/libgcc.a(_udivmoddi4.o)
                0x0000000008000210                __udivmoddi4
 .text          0x00000000080004dc        0x4 /opt/st/stm32cubeide_1.5.1/plugins/com.st.stm32cube.ide.mcu.externaltools.gnu-tools-for-stm32.7-2018-q2-update.linux64_1.5.0.202011040924/tools/bin/../lib/gcc/arm-none-eabi/7.3.1/thumb/v7e-m/fpv4-sp/hard/libgcc.a(_dvmd_tls.o)
                0x00000000080004dc                __aeabi_ldiv0
                0x00000000080004dc                __aeabi_idiv0
 *(.text*)
 .text.main     0x00000000080004e0       0xa0 Core/Src/main.o
                0x00000000080004e0                main
 .text.SystemClock_Config
                0x0000000008000580       0xc0 Core/Src/main.o
                0x0000000008000580                SystemClock_Config
 .text.MX_USART2_UART_Init
                0x0000000008000640       0x54 Core/Src/main.o
 .text.MX_GPIO_Init
                0x0000000008000694       0xa4 Core/Src/main.o
 .text.LEDTask_App
                0x0000000008000738      0x134 Core/Src/main.o
                0x0000000008000738                LEDTask_App
 .text.LBtnTask_App
                0x000000000800086c       0x48 Core/Src/main.o
                0x000000000800086c                LBtnTask_App
 .text.TaskMonitor_App
                0x00000000080008b4       0x20 Core/Src/main.o
                0x00000000080008b4                TaskMonitor_App
 .text.Task_App
                0x00000000080008d4       0x12 Core/Src/main.o
                0x00000000080008d4                Task_App
 *fill*         0x00000000080008e6        0x2 
 .text.HAL_TIM_PeriodElapsedCallback
                0x00000000080008e8       0x24 Core/Src/main.o
                0x00000000080008e8                HAL_TIM_PeriodElapsedCallback
 .text.Error_Handler
                0x000000000800090c        0x8 Core/Src/main.o
                0x000000000800090c                Error_Handler
 .text.HAL_MspInit
                0x0000000008000914       0x50 Core/Src/stm32f4xx_hal_msp.o
                0x0000000008000914                HAL_MspInit
 .text.HAL_UART_MspInit
                0x0000000008000964       0x90 Core/Src/stm32f4xx_hal_msp.o
                0x0000000008000964                HAL_UART_MspInit
 .text.HAL_InitTick
                0x00000000080009f4       0xb4 Core/Src/stm32f4xx_hal_timebase_tim.o
                0x00000000080009f4                HAL_InitTick
 .text.NMI_Handler
                0x0000000008000aa8        0x6 Core/Src/stm32f4xx_it.o
                0x0000000008000aa8                NMI_Handler
 .text.HardFault_Handler
                0x0000000008000aae        0x6 Core/Src/stm32f4xx_it.o
                0x0000000008000aae                HardFault_Handler
 .text.MemManage_Handler
                0x0000000008000ab4        0x6 Core/Src/stm32f4xx_it.o
                0x0000000008000ab4                MemManage_Handler
 .text.BusFault_Handler
                0x0000000008000aba        0x6 Core/Src/stm32f4xx_it.o
                0x0000000008000aba                BusFault_Handler
 .text.UsageFault_Handler
                0x0000000008000ac0        0x6 Core/Src/stm32f4xx_it.o
                0x0000000008000ac0                UsageFault_Handler
 .text.DebugMon_Handler
                0x0000000008000ac6        0xe Core/Src/stm32f4xx_it.o
                0x0000000008000ac6                DebugMon_Handler
 .text.TIM7_IRQHandler
                0x0000000008000ad4       0x14 Core/Src/stm32f4xx_it.o
                0x0000000008000ad4                TIM7_IRQHandler
 .text.SystemInit
                0x0000000008000ae8       0x2c Core/Src/system_stm32f4xx.o
                0x0000000008000ae8                SystemInit
 .text.Reset_Handler
                0x0000000008000b14       0x50 Core/Startup/startup_stm32f407vgtx.o
                0x0000000008000b14                Reset_Handler
 .text.Default_Handler
                0x0000000008000b64        0x2 Core/Startup/startup_stm32f407vgtx.o
                0x0000000008000b64                RTC_Alarm_IRQHandler
                0x0000000008000b64                HASH_RNG_IRQHandler
                0x0000000008000b64                EXTI2_IRQHandler
                0x0000000008000b64                TIM8_CC_IRQHandler
                0x0000000008000b64                TIM1_CC_IRQHandler
                0x0000000008000b64                DMA2_Stream5_IRQHandler
                0x0000000008000b64                DMA1_Stream5_IRQHandler
                0x0000000008000b64                PVD_IRQHandler
                0x0000000008000b64                SDIO_IRQHandler
                0x0000000008000b64                TAMP_STAMP_IRQHandler
                0x0000000008000b64                CAN2_RX1_IRQHandler
                0x0000000008000b64                EXTI3_IRQHandler
                0x0000000008000b64                TIM8_TRG_COM_TIM14_IRQHandler
                0x0000000008000b64                TIM1_UP_TIM10_IRQHandler
                0x0000000008000b64                TIM8_UP_TIM13_IRQHandler
                0x0000000008000b64                I2C3_ER_IRQHandler
                0x0000000008000b64                EXTI0_IRQHandler
                0x0000000008000b64                I2C2_EV_IRQHandler
                0x0000000008000b64                DMA1_Stream2_IRQHandler
                0x0000000008000b64                CAN1_RX0_IRQHandler
                0x0000000008000b64                FPU_IRQHandler
                0x0000000008000b64                OTG_HS_WKUP_IRQHandler
                0x0000000008000b64                CAN2_SCE_IRQHandler
                0x0000000008000b64                DMA2_Stream2_IRQHandler
                0x0000000008000b64                SPI1_IRQHandler
                0x0000000008000b64                TIM6_DAC_IRQHandler
                0x0000000008000b64                TIM1_BRK_TIM9_IRQHandler
                0x0000000008000b64                DCMI_IRQHandler
                0x0000000008000b64                CAN2_RX0_IRQHandler
                0x0000000008000b64                DMA2_Stream3_IRQHandler
                0x0000000008000b64                USART6_IRQHandler
                0x0000000008000b64                USART3_IRQHandler
                0x0000000008000b64                CAN1_RX1_IRQHandler
                0x0000000008000b64                UART5_IRQHandler
                0x0000000008000b64                DMA2_Stream0_IRQHandler
                0x0000000008000b64                TIM4_IRQHandler
                0x0000000008000b64                I2C1_EV_IRQHandler
                0x0000000008000b64                DMA1_Stream6_IRQHandler
                0x0000000008000b64                DMA1_Stream1_IRQHandler
                0x0000000008000b64                UART4_IRQHandler
                0x0000000008000b64                TIM3_IRQHandler
                0x0000000008000b64                RCC_IRQHandler
                0x0000000008000b64                TIM8_BRK_TIM12_IRQHandler
                0x0000000008000b64                Default_Handler
                0x0000000008000b64                EXTI15_10_IRQHandler
                0x0000000008000b64                ADC_IRQHandler
                0x0000000008000b64                DMA1_Stream7_IRQHandler
                0x0000000008000b64                CAN2_TX_IRQHandler
                0x0000000008000b64                TIM5_IRQHandler
                0x0000000008000b64                DMA2_Stream7_IRQHandler
                0x0000000008000b64                I2C3_EV_IRQHandler
                0x0000000008000b64                EXTI9_5_IRQHandler
                0x0000000008000b64                RTC_WKUP_IRQHandler
                0x0000000008000b64                ETH_WKUP_IRQHandler
                0x0000000008000b64                SPI2_IRQHandler
                0x0000000008000b64                OTG_HS_EP1_IN_IRQHandler
                0x0000000008000b64                DMA1_Stream0_IRQHandler
                0x0000000008000b64                CAN1_TX_IRQHandler
                0x0000000008000b64                EXTI4_IRQHandler
                0x0000000008000b64                FSMC_IRQHandler
                0x0000000008000b64                ETH_IRQHandler
                0x0000000008000b64                OTG_HS_EP1_OUT_IRQHandler
                0x0000000008000b64                WWDG_IRQHandler
                0x0000000008000b64                TIM2_IRQHandler
                0x0000000008000b64                OTG_FS_WKUP_IRQHandler
                0x0000000008000b64                TIM1_TRG_COM_TIM11_IRQHandler
                0x0000000008000b64                OTG_HS_IRQHandler
                0x0000000008000b64                EXTI1_IRQHandler
                0x0000000008000b64                USART2_IRQHandler
                0x0000000008000b64                I2C2_ER_IRQHandler
                0x0000000008000b64                DMA2_Stream1_IRQHandler
                0x0000000008000b64                CAN1_SCE_IRQHandler
                0x0000000008000b64                FLASH_IRQHandler
                0x0000000008000b64                DMA2_Stream4_IRQHandler
                0x0000000008000b64                USART1_IRQHandler
                0x0000000008000b64                OTG_FS_IRQHandler
                0x0000000008000b64                SPI3_IRQHandler
                0x0000000008000b64                DMA1_Stream4_IRQHandler
                0x0000000008000b64                I2C1_ER_IRQHandler
                0x0000000008000b64                DMA2_Stream6_IRQHandler
                0x0000000008000b64                DMA1_Stream3_IRQHandler
 *fill*         0x0000000008000b66        0x2 
 .text.HAL_Init
                0x0000000008000b68       0x44 Drivers/STM32F4xx_HAL_Driver/Src/stm32f4xx_hal.o
                0x0000000008000b68                HAL_Init
 .text.HAL_IncTick
                0x0000000008000bac       0x28 Drivers/STM32F4xx_HAL_Driver/Src/stm32f4xx_hal.o
                0x0000000008000bac                HAL_IncTick
 .text.HAL_GetTick
                0x0000000008000bd4       0x18 Drivers/STM32F4xx_HAL_Driver/Src/stm32f4xx_hal.o
                0x0000000008000bd4                HAL_GetTick
 .text.__NVIC_SetPriorityGrouping
                0x0000000008000bec       0x48 Drivers/STM32F4xx_HAL_Driver/Src/stm32f4xx_hal_cortex.o
 .text.__NVIC_GetPriorityGrouping
                0x0000000008000c34       0x1c Drivers/STM32F4xx_HAL_Driver/Src/stm32f4xx_hal_cortex.o
 .text.__NVIC_EnableIRQ
                0x0000000008000c50       0x3c Drivers/STM32F4xx_HAL_Driver/Src/stm32f4xx_hal_cortex.o
 .text.__NVIC_SetPriority
                0x0000000008000c8c       0x54 Drivers/STM32F4xx_HAL_Driver/Src/stm32f4xx_hal_cortex.o
 .text.NVIC_EncodePriority
                0x0000000008000ce0       0x66 Drivers/STM32F4xx_HAL_Driver/Src/stm32f4xx_hal_cortex.o
 .text.HAL_NVIC_SetPriorityGrouping
                0x0000000008000d46       0x16 Drivers/STM32F4xx_HAL_Driver/Src/stm32f4xx_hal_cortex.o
                0x0000000008000d46                HAL_NVIC_SetPriorityGrouping
 .text.HAL_NVIC_SetPriority
                0x0000000008000d5c       0x38 Drivers/STM32F4xx_HAL_Driver/Src/stm32f4xx_hal_cortex.o
                0x0000000008000d5c                HAL_NVIC_SetPriority
 .text.HAL_NVIC_EnableIRQ
                0x0000000008000d94       0x1c Drivers/STM32F4xx_HAL_Driver/Src/stm32f4xx_hal_cortex.o
                0x0000000008000d94                HAL_NVIC_EnableIRQ
 .text.HAL_GPIO_Init
                0x0000000008000db0      0x334 Drivers/STM32F4xx_HAL_Driver/Src/stm32f4xx_hal_gpio.o
                0x0000000008000db0                HAL_GPIO_Init
 .text.HAL_GPIO_ReadPin
                0x00000000080010e4       0x30 Drivers/STM32F4xx_HAL_Driver/Src/stm32f4xx_hal_gpio.o
                0x00000000080010e4                HAL_GPIO_ReadPin
 .text.HAL_GPIO_WritePin
                0x0000000008001114       0x32 Drivers/STM32F4xx_HAL_Driver/Src/stm32f4xx_hal_gpio.o
                0x0000000008001114                HAL_GPIO_WritePin
 *fill*         0x0000000008001146        0x2 
 .text.HAL_RCC_OscConfig
                0x0000000008001148      0x4e0 Drivers/STM32F4xx_HAL_Driver/Src/stm32f4xx_hal_rcc.o
                0x0000000008001148                HAL_RCC_OscConfig
 .text.HAL_RCC_ClockConfig
                0x0000000008001628      0x1cc Drivers/STM32F4xx_HAL_Driver/Src/stm32f4xx_hal_rcc.o
                0x0000000008001628                HAL_RCC_ClockConfig
 .text.HAL_RCC_GetSysClockFreq
                0x00000000080017f4      0x1ac Drivers/STM32F4xx_HAL_Driver/Src/stm32f4xx_hal_rcc.o
                0x00000000080017f4                HAL_RCC_GetSysClockFreq
 .text.HAL_RCC_GetHCLKFreq
                0x00000000080019a0       0x18 Drivers/STM32F4xx_HAL_Driver/Src/stm32f4xx_hal_rcc.o
                0x00000000080019a0                HAL_RCC_GetHCLKFreq
 .text.HAL_RCC_GetPCLK1Freq
                0x00000000080019b8       0x28 Drivers/STM32F4xx_HAL_Driver/Src/stm32f4xx_hal_rcc.o
                0x00000000080019b8                HAL_RCC_GetPCLK1Freq
 .text.HAL_RCC_GetPCLK2Freq
                0x00000000080019e0       0x28 Drivers/STM32F4xx_HAL_Driver/Src/stm32f4xx_hal_rcc.o
                0x00000000080019e0                HAL_RCC_GetPCLK2Freq
 .text.HAL_RCC_GetClockConfig
                0x0000000008001a08       0x64 Drivers/STM32F4xx_HAL_Driver/Src/stm32f4xx_hal_rcc.o
                0x0000000008001a08                HAL_RCC_GetClockConfig
 .text.HAL_TIM_Base_Init
                0x0000000008001a6c       0x56 Drivers/STM32F4xx_HAL_Driver/Src/stm32f4xx_hal_tim.o
                0x0000000008001a6c                HAL_TIM_Base_Init
 .text.HAL_TIM_Base_MspInit
                0x0000000008001ac2       0x14 Drivers/STM32F4xx_HAL_Driver/Src/stm32f4xx_hal_tim.o
                0x0000000008001ac2                HAL_TIM_Base_MspInit
 .text.HAL_TIM_Base_Start_IT
                0x0000000008001ad6       0x48 Drivers/STM32F4xx_HAL_Driver/Src/stm32f4xx_hal_tim.o
                0x0000000008001ad6                HAL_TIM_Base_Start_IT
 .text.HAL_TIM_IRQHandler
                0x0000000008001b1e      0x210 Drivers/STM32F4xx_HAL_Driver/Src/stm32f4xx_hal_tim.o
                0x0000000008001b1e                HAL_TIM_IRQHandler
 .text.HAL_TIM_OC_DelayElapsedCallback
                0x0000000008001d2e       0x14 Drivers/STM32F4xx_HAL_Driver/Src/stm32f4xx_hal_tim.o
                0x0000000008001d2e                HAL_TIM_OC_DelayElapsedCallback
 .text.HAL_TIM_IC_CaptureCallback
                0x0000000008001d42       0x14 Drivers/STM32F4xx_HAL_Driver/Src/stm32f4xx_hal_tim.o
                0x0000000008001d42                HAL_TIM_IC_CaptureCallback
 .text.HAL_TIM_PWM_PulseFinishedCallback
                0x0000000008001d56       0x14 Drivers/STM32F4xx_HAL_Driver/Src/stm32f4xx_hal_tim.o
                0x0000000008001d56                HAL_TIM_PWM_PulseFinishedCallback
 .text.HAL_TIM_TriggerCallback
                0x0000000008001d6a       0x14 Drivers/STM32F4xx_HAL_Driver/Src/stm32f4xx_hal_tim.o
                0x0000000008001d6a                HAL_TIM_TriggerCallback
 *fill*         0x0000000008001d7e        0x2 
 .text.TIM_Base_SetConfig
                0x0000000008001d80      0x140 Drivers/STM32F4xx_HAL_Driver/Src/stm32f4xx_hal_tim.o
                0x0000000008001d80                TIM_Base_SetConfig
 .text.HAL_TIMEx_CommutCallback
                0x0000000008001ec0       0x14 Drivers/STM32F4xx_HAL_Driver/Src/stm32f4xx_hal_tim_ex.o
                0x0000000008001ec0                HAL_TIMEx_CommutCallback
 .text.HAL_TIMEx_BreakCallback
                0x0000000008001ed4       0x14 Drivers/STM32F4xx_HAL_Driver/Src/stm32f4xx_hal_tim_ex.o
                0x0000000008001ed4                HAL_TIMEx_BreakCallback
 .text.HAL_UART_Init
                0x0000000008001ee8       0x9a Drivers/STM32F4xx_HAL_Driver/Src/stm32f4xx_hal_uart.o
                0x0000000008001ee8                HAL_UART_Init
 .text.HAL_UART_Transmit
                0x0000000008001f82      0x132 Drivers/STM32F4xx_HAL_Driver/Src/stm32f4xx_hal_uart.o
                0x0000000008001f82                HAL_UART_Transmit
 .text.UART_WaitOnFlagUntilTimeout
                0x00000000080020b4       0x94 Drivers/STM32F4xx_HAL_Driver/Src/stm32f4xx_hal_uart.o
 .text.UART_SetConfig
                0x0000000008002148      0x6f8 Drivers/STM32F4xx_HAL_Driver/Src/stm32f4xx_hal_uart.o
 .text.vListInitialise
                0x0000000008002840       0x40 FreeRTOS/list.o
                0x0000000008002840                vListInitialise
 .text.vListInitialiseItem
                0x0000000008002880       0x1a FreeRTOS/list.o
                0x0000000008002880                vListInitialiseItem
 .text.vListInsertEnd
                0x000000000800289a       0x48 FreeRTOS/list.o
                0x000000000800289a                vListInsertEnd
 .text.vListInsert
                0x00000000080028e2       0x72 FreeRTOS/list.o
                0x00000000080028e2                vListInsert
 .text.uxListRemove
                0x0000000008002954       0x54 FreeRTOS/list.o
                0x0000000008002954                uxListRemove
 .text.xQueueGenericReset
                0x00000000080029a8       0xd0 FreeRTOS/queue.o
                0x00000000080029a8                xQueueGenericReset
 .text.xQueueGenericCreate
                0x0000000008002a78       0x76 FreeRTOS/queue.o
                0x0000000008002a78                xQueueGenericCreate
 .text.prvInitialiseNewQueue
                0x0000000008002aee       0x46 FreeRTOS/queue.o
 .text.xQueueGenericSend
                0x0000000008002b34      0x1f4 FreeRTOS/queue.o
                0x0000000008002b34                xQueueGenericSend
 .text.xQueueGenericSendFromISR
                0x0000000008002d28      0x128 FreeRTOS/queue.o
                0x0000000008002d28                xQueueGenericSendFromISR
 .text.xQueueReceive
                0x0000000008002e50      0x1b8 FreeRTOS/queue.o
                0x0000000008002e50                xQueueReceive
 .text.prvCopyDataToQueue
                0x0000000008003008       0xd4 FreeRTOS/queue.o
 .text.prvCopyDataFromQueue
                0x00000000080030dc       0x4c FreeRTOS/queue.o
 .text.prvUnlockQueue
                0x0000000008003128       0xa4 FreeRTOS/queue.o
 .text.prvIsQueueEmpty
                0x00000000080031cc       0x2c FreeRTOS/queue.o
 .text.prvIsQueueFull
                0x00000000080031f8       0x30 FreeRTOS/queue.o
 .text.vQueueAddToRegistry
                0x0000000008003228       0x50 FreeRTOS/queue.o
                0x0000000008003228                vQueueAddToRegistry
 .text.vQueueWaitForMessageRestricted
                0x0000000008003278       0x68 FreeRTOS/queue.o
                0x0000000008003278                vQueueWaitForMessageRestricted
 .text.xTaskCreate
                0x00000000080032e0       0x82 FreeRTOS/tasks.o
                0x00000000080032e0                xTaskCreate
 .text.prvInitialiseNewTask
                0x0000000008003362      0x11c FreeRTOS/tasks.o
 *fill*         0x000000000800347e        0x2 
 .text.prvAddNewTaskToReadyList
                0x0000000008003480       0xdc FreeRTOS/tasks.o
 .text.vTaskDelay
                0x000000000800355c       0x68 FreeRTOS/tasks.o
                0x000000000800355c                vTaskDelay
 .text.vTaskStartScheduler
                0x00000000080035c4       0x98 FreeRTOS/tasks.o
                0x00000000080035c4                vTaskStartScheduler
 .text.vTaskSuspendAll
                0x000000000800365c       0x1c FreeRTOS/tasks.o
                0x000000000800365c                vTaskSuspendAll
 .text.xTaskResumeAll
                0x0000000008003678      0x138 FreeRTOS/tasks.o
                0x0000000008003678                xTaskResumeAll
 .text.xTaskGetTickCount
                0x00000000080037b0       0x20 FreeRTOS/tasks.o
                0x00000000080037b0                xTaskGetTickCount
 .text.xTaskIncrementTick
                0x00000000080037d0      0x170 FreeRTOS/tasks.o
                0x00000000080037d0                xTaskIncrementTick
 .text.vTaskSwitchContext
                0x0000000008003940       0xb4 FreeRTOS/tasks.o
                0x0000000008003940                vTaskSwitchContext
 .text.vTaskPlaceOnEventList
                0x00000000080039f4       0x48 FreeRTOS/tasks.o
                0x00000000080039f4                vTaskPlaceOnEventList
 .text.vTaskPlaceOnEventListRestricted
                0x0000000008003a3c       0x54 FreeRTOS/tasks.o
                0x0000000008003a3c                vTaskPlaceOnEventListRestricted
 .text.xTaskRemoveFromEventList
                0x0000000008003a90       0xc4 FreeRTOS/tasks.o
                0x0000000008003a90                xTaskRemoveFromEventList
 .text.vTaskInternalSetTimeOutState
                0x0000000008003b54       0x2c FreeRTOS/tasks.o
                0x0000000008003b54                vTaskInternalSetTimeOutState
 .text.xTaskCheckForTimeOut
                0x0000000008003b80       0xc0 FreeRTOS/tasks.o
                0x0000000008003b80                xTaskCheckForTimeOut
 .text.vTaskMissedYield
                0x0000000008003c40       0x18 FreeRTOS/tasks.o
                0x0000000008003c40                vTaskMissedYield
 .text.prvIdleTask
                0x0000000008003c58       0x30 FreeRTOS/tasks.o
 .text.prvInitialiseTaskLists
                0x0000000008003c88       0x80 FreeRTOS/tasks.o
 .text.prvCheckTasksWaitingTermination
                0x0000000008003d08       0x58 FreeRTOS/tasks.o
 .text.prvDeleteTCB
                0x0000000008003d60       0x20 FreeRTOS/tasks.o
 .text.prvResetNextTaskUnblockTime
                0x0000000008003d80       0x40 FreeRTOS/tasks.o
 .text.xTaskGetSchedulerState
                0x0000000008003dc0       0x3c FreeRTOS/tasks.o
                0x0000000008003dc0                xTaskGetSchedulerState
 .text.xTaskPriorityDisinherit
                0x0000000008003dfc      0x108 FreeRTOS/tasks.o
                0x0000000008003dfc                xTaskPriorityDisinherit
 .text.prvAddCurrentTaskToDelayedList
                0x0000000008003f04       0xcc FreeRTOS/tasks.o
 .text.Taskmonitor
                0x0000000008003fd0      0x5b0 FreeRTOS/tasks.o
                0x0000000008003fd0                Taskmonitor
 .text.LongConvertCharArray
                0x0000000008004580       0xec FreeRTOS/tasks.o
                0x0000000008004580                LongConvertCharArray
 .text.Uint32ConvertHex
                0x000000000800466c       0xe8 FreeRTOS/tasks.o
                0x000000000800466c                Uint32ConvertHex
 .text.xTimerCreateTimerTask
                0x0000000008004754       0x64 FreeRTOS/timers.o
                0x0000000008004754                xTimerCreateTimerTask
 .text.xTimerGenericCommand
                0x00000000080047b8       0x98 FreeRTOS/timers.o
                0x00000000080047b8                xTimerGenericCommand
 .text.prvProcessExpiredTimer
                0x0000000008004850       0x98 FreeRTOS/timers.o
 .text.prvTimerTask
                0x00000000080048e8       0x24 FreeRTOS/timers.o
 .text.prvProcessTimerOrBlockTask
                0x000000000800490c       0x9c FreeRTOS/timers.o
 .text.prvGetNextExpireTime
                0x00000000080049a8       0x48 FreeRTOS/timers.o
 .text.prvSampleTimeNow
                0x00000000080049f0       0x40 FreeRTOS/timers.o
 .text.prvInsertTimerInActiveList
                0x0000000008004a30       0x84 FreeRTOS/timers.o
 .text.prvProcessReceivedCommands
                0x0000000008004ab4      0x188 FreeRTOS/timers.o
 .text.prvSwitchTimerLists
                0x0000000008004c3c       0xc8 FreeRTOS/timers.o
 .text.prvCheckForValidListAndQueue
                0x0000000008004d04       0x6c FreeRTOS/timers.o
 .text.pxPortInitialiseStack
                0x0000000008004d70       0x68 FreeRTOS/portable/ARM_CM4F/port.o
                0x0000000008004d70                pxPortInitialiseStack
 .text.prvTaskExitError
                0x0000000008004dd8       0x54 FreeRTOS/portable/ARM_CM4F/port.o
 *fill*         0x0000000008004e2c        0x4 
 .text.SVC_Handler
                0x0000000008004e30       0x28 FreeRTOS/portable/ARM_CM4F/port.o
                0x0000000008004e30                SVC_Handler
 .text.prvPortStartFirstTask
                0x0000000008004e58       0x28 FreeRTOS/portable/ARM_CM4F/port.o
 .text.xPortStartScheduler
                0x0000000008004e80      0x15c FreeRTOS/portable/ARM_CM4F/port.o
                0x0000000008004e80                xPortStartScheduler
 .text.vPortEnterCritical
                0x0000000008004fdc       0x5c FreeRTOS/portable/ARM_CM4F/port.o
                0x0000000008004fdc                vPortEnterCritical
 .text.vPortExitCritical
                0x0000000008005038       0x50 FreeRTOS/portable/ARM_CM4F/port.o
                0x0000000008005038                vPortExitCritical
 *fill*         0x0000000008005088        0x8 
 .text.PendSV_Handler
                0x0000000008005090       0x68 FreeRTOS/portable/ARM_CM4F/port.o
                0x0000000008005090                PendSV_Handler
 .text.SysTick_Handler
                0x00000000080050f8       0x40 FreeRTOS/portable/ARM_CM4F/port.o
                0x00000000080050f8                SysTick_Handler
 .text.vPortSetupTimerInterrupt
                0x0000000008005138       0x48 FreeRTOS/portable/ARM_CM4F/port.o
                0x0000000008005138                vPortSetupTimerInterrupt
 .text.vPortEnableVFP
                0x0000000008005180       0x14 FreeRTOS/portable/ARM_CM4F/port.o
 .text.vPortValidateInterruptPriority
                0x0000000008005194       0x7c FreeRTOS/portable/ARM_CM4F/port.o
                0x0000000008005194                vPortValidateInterruptPriority
 .text.pvPortMalloc
                0x0000000008005210      0x184 FreeRTOS/portable/MemMang/heap_4.o
                0x0000000008005210                pvPortMalloc
 .text.vPortFree
                0x0000000008005394       0xb0 FreeRTOS/portable/MemMang/heap_4.o
                0x0000000008005394                vPortFree
 .text.prvHeapInit
                0x0000000008005444       0xc4 FreeRTOS/portable/MemMang/heap_4.o
 .text.prvInsertBlockIntoFreeList
                0x0000000008005508       0xb4 FreeRTOS/portable/MemMang/heap_4.o
 .text.__libc_init_array
                0x00000000080055bc       0x48 /opt/st/stm32cubeide_1.5.1/plugins/com.st.stm32cube.ide.mcu.externaltools.gnu-tools-for-stm32.7-2018-q2-update.linux64_1.5.0.202011040924/tools/bin/../lib/gcc/arm-none-eabi/7.3.1/../../../../arm-none-eabi/lib/thumb/v7e-m/fpv4-sp/hard/libc_nano.a(lib_a-init.o)
                0x00000000080055bc                __libc_init_array
 .text.memcpy   0x0000000008005604       0x16 /opt/st/stm32cubeide_1.5.1/plugins/com.st.stm32cube.ide.mcu.externaltools.gnu-tools-for-stm32.7-2018-q2-update.linux64_1.5.0.202011040924/tools/bin/../lib/gcc/arm-none-eabi/7.3.1/../../../../arm-none-eabi/lib/thumb/v7e-m/fpv4-sp/hard/libc_nano.a(lib_a-memcpy-stub.o)
                0x0000000008005604                memcpy
 .text.memset   0x000000000800561a       0x10 /opt/st/stm32cubeide_1.5.1/plugins/com.st.stm32cube.ide.mcu.externaltools.gnu-tools-for-stm32.7-2018-q2-update.linux64_1.5.0.202011040924/tools/bin/../lib/gcc/arm-none-eabi/7.3.1/../../../../arm-none-eabi/lib/thumb/v7e-m/fpv4-sp/hard/libc_nano.a(lib_a-memset.o)
                0x000000000800561a                memset
 .text.strncpy  0x000000000800562a       0x2a /opt/st/stm32cubeide_1.5.1/plugins/com.st.stm32cube.ide.mcu.externaltools.gnu-tools-for-stm32.7-2018-q2-update.linux64_1.5.0.202011040924/tools/bin/../lib/gcc/arm-none-eabi/7.3.1/../../../../arm-none-eabi/lib/thumb/v7e-m/fpv4-sp/hard/libc_nano.a(lib_a-strncpy.o)
                0x000000000800562a                strncpy
 *(.glue_7)
 .glue_7        0x0000000008005654        0x0 linker stubs
 *(.glue_7t)
 .glue_7t       0x0000000008005654        0x0 linker stubs
 *(.eh_frame)
 .eh_frame      0x0000000008005654        0x0 /opt/st/stm32cubeide_1.5.1/plugins/com.st.stm32cube.ide.mcu.externaltools.gnu-tools-for-stm32.7-2018-q2-update.linux64_1.5.0.202011040924/tools/bin/../lib/gcc/arm-none-eabi/7.3.1/thumb/v7e-m/fpv4-sp/hard/crtbegin.o
 *(.init)
 .init          0x0000000008005654        0x4 /opt/st/stm32cubeide_1.5.1/plugins/com.st.stm32cube.ide.mcu.externaltools.gnu-tools-for-stm32.7-2018-q2-update.linux64_1.5.0.202011040924/tools/bin/../lib/gcc/arm-none-eabi/7.3.1/thumb/v7e-m/fpv4-sp/hard/crti.o
                0x0000000008005654                _init
 .init          0x0000000008005658        0x8 /opt/st/stm32cubeide_1.5.1/plugins/com.st.stm32cube.ide.mcu.externaltools.gnu-tools-for-stm32.7-2018-q2-update.linux64_1.5.0.202011040924/tools/bin/../lib/gcc/arm-none-eabi/7.3.1/thumb/v7e-m/fpv4-sp/hard/crtn.o
 *(.fini)
 .fini          0x0000000008005660        0x4 /opt/st/stm32cubeide_1.5.1/plugins/com.st.stm32cube.ide.mcu.externaltools.gnu-tools-for-stm32.7-2018-q2-update.linux64_1.5.0.202011040924/tools/bin/../lib/gcc/arm-none-eabi/7.3.1/thumb/v7e-m/fpv4-sp/hard/crti.o
                0x0000000008005660                _fini
 .fini          0x0000000008005664        0x8 /opt/st/stm32cubeide_1.5.1/plugins/com.st.stm32cube.ide.mcu.externaltools.gnu-tools-for-stm32.7-2018-q2-update.linux64_1.5.0.202011040924/tools/bin/../lib/gcc/arm-none-eabi/7.3.1/thumb/v7e-m/fpv4-sp/hard/crtn.o
                0x000000000800566c                . = ALIGN (0x4)
                0x000000000800566c                _etext = .

.vfp11_veneer   0x000000000800566c        0x0
 .vfp11_veneer  0x000000000800566c        0x0 linker stubs

.v4_bx          0x000000000800566c        0x0
 .v4_bx         0x000000000800566c        0x0 linker stubs

.iplt           0x000000000800566c        0x0
 .iplt          0x000000000800566c        0x0 /opt/st/stm32cubeide_1.5.1/plugins/com.st.stm32cube.ide.mcu.externaltools.gnu-tools-for-stm32.7-2018-q2-update.linux64_1.5.0.202011040924/tools/bin/../lib/gcc/arm-none-eabi/7.3.1/thumb/v7e-m/fpv4-sp/hard/crtbegin.o

.rodata         0x000000000800566c       0xbc
                0x000000000800566c                . = ALIGN (0x4)
 *(.rodata)
 .rodata        0x000000000800566c       0x25 Core/Src/main.o
 *fill*         0x0000000008005691        0x3 
 .rodata        0x0000000008005694       0x6c FreeRTOS/tasks.o
 .rodata        0x0000000008005700        0xd FreeRTOS/timers.o
 *(.rodata*)
 *fill*         0x000000000800570d        0x3 
 .rodata.AHBPrescTable
                0x0000000008005710       0x10 Core/Src/system_stm32f4xx.o
                0x0000000008005710                AHBPrescTable
 .rodata.APBPrescTable
                0x0000000008005720        0x8 Core/Src/system_stm32f4xx.o
                0x0000000008005720                APBPrescTable
                0x0000000008005728                . = ALIGN (0x4)

.ARM.extab      0x0000000008005728        0x0
                0x0000000008005728                . = ALIGN (0x4)
 *(.ARM.extab* .gnu.linkonce.armextab.*)
                0x0000000008005728                . = ALIGN (0x4)

.ARM            0x0000000008005728        0x8
                0x0000000008005728                . = ALIGN (0x4)
                0x0000000008005728                __exidx_start = .
 *(.ARM.exidx*)
 .ARM.exidx     0x0000000008005728        0x8 /opt/st/stm32cubeide_1.5.1/plugins/com.st.stm32cube.ide.mcu.externaltools.gnu-tools-for-stm32.7-2018-q2-update.linux64_1.5.0.202011040924/tools/bin/../lib/gcc/arm-none-eabi/7.3.1/thumb/v7e-m/fpv4-sp/hard/libgcc.a(_udivmoddi4.o)
                0x0000000008005730                __exidx_end = .
                0x0000000008005730                . = ALIGN (0x4)

.rel.dyn        0x0000000008005730        0x0
 .rel.iplt      0x0000000008005730        0x0 /opt/st/stm32cubeide_1.5.1/plugins/com.st.stm32cube.ide.mcu.externaltools.gnu-tools-for-stm32.7-2018-q2-update.linux64_1.5.0.202011040924/tools/bin/../lib/gcc/arm-none-eabi/7.3.1/thumb/v7e-m/fpv4-sp/hard/crtbegin.o

.preinit_array  0x0000000008005730        0x0
                0x0000000008005730                . = ALIGN (0x4)
                0x0000000008005730                PROVIDE (__preinit_array_start = .)
 *(.preinit_array*)
                0x0000000008005730                PROVIDE (__preinit_array_end = .)
                0x0000000008005730                . = ALIGN (0x4)

.init_array     0x0000000008005730        0x4
                0x0000000008005730                . = ALIGN (0x4)
                0x0000000008005730                PROVIDE (__init_array_start = .)
 *(SORT_BY_NAME(.init_array.*))
 *(.init_array*)
 .init_array    0x0000000008005730        0x4 /opt/st/stm32cubeide_1.5.1/plugins/com.st.stm32cube.ide.mcu.externaltools.gnu-tools-for-stm32.7-2018-q2-update.linux64_1.5.0.202011040924/tools/bin/../lib/gcc/arm-none-eabi/7.3.1/thumb/v7e-m/fpv4-sp/hard/crtbegin.o
                0x0000000008005734                PROVIDE (__init_array_end = .)
                0x0000000008005734                . = ALIGN (0x4)

.fini_array     0x0000000008005734        0x4
                0x0000000008005734                . = ALIGN (0x4)
                [!provide]                        PROVIDE (__fini_array_start = .)
 *(SORT_BY_NAME(.fini_array.*))
 *(.fini_array*)
 .fini_array    0x0000000008005734        0x4 /opt/st/stm32cubeide_1.5.1/plugins/com.st.stm32cube.ide.mcu.externaltools.gnu-tools-for-stm32.7-2018-q2-update.linux64_1.5.0.202011040924/tools/bin/../lib/gcc/arm-none-eabi/7.3.1/thumb/v7e-m/fpv4-sp/hard/crtbegin.o
                [!provide]                        PROVIDE (__fini_array_end = .)
                0x0000000008005738                . = ALIGN (0x4)
                0x0000000008005738                _sidata = LOADADDR (.data)

.data           0x0000000020000000       0x10 load address 0x0000000008005738
                0x0000000020000000                . = ALIGN (0x4)
                0x0000000020000000                _sdata = .
 *(.data)
 *(.data*)
 .data.SystemCoreClock
                0x0000000020000000        0x4 Core/Src/system_stm32f4xx.o
                0x0000000020000000                SystemCoreClock
 .data.uwTickPrio
                0x0000000020000004        0x4 Drivers/STM32F4xx_HAL_Driver/Src/stm32f4xx_hal.o
                0x0000000020000004                uwTickPrio
 .data.uwTickFreq
                0x0000000020000008        0x1 Drivers/STM32F4xx_HAL_Driver/Src/stm32f4xx_hal.o
                0x0000000020000008                uwTickFreq
 *fill*         0x0000000020000009        0x3 
 .data.uxCriticalNesting
                0x000000002000000c        0x4 FreeRTOS/portable/ARM_CM4F/port.o
 *(.RamFunc)
 *(.RamFunc*)
                0x0000000020000010                . = ALIGN (0x4)
                0x0000000020000010                _edata = .

.igot.plt       0x0000000020000010        0x0 load address 0x0000000008005748
 .igot.plt      0x0000000020000010        0x0 /opt/st/stm32cubeide_1.5.1/plugins/com.st.stm32cube.ide.mcu.externaltools.gnu-tools-for-stm32.7-2018-q2-update.linux64_1.5.0.202011040924/tools/bin/../lib/gcc/arm-none-eabi/7.3.1/thumb/v7e-m/fpv4-sp/hard/crtbegin.o
                0x0000000020000010                . = ALIGN (0x4)

.bss            0x0000000020000010     0x3f0c load address 0x0000000008005748
                0x0000000020000010                _sbss = .
                0x0000000020000010                __bss_start__ = _sbss
 *(.bss)
 .bss           0x0000000020000010       0x1c /opt/st/stm32cubeide_1.5.1/plugins/com.st.stm32cube.ide.mcu.externaltools.gnu-tools-for-stm32.7-2018-q2-update.linux64_1.5.0.202011040924/tools/bin/../lib/gcc/arm-none-eabi/7.3.1/thumb/v7e-m/fpv4-sp/hard/crtbegin.o
 *(.bss*)
 .bss.pxCurrentTCB
                0x000000002000002c        0x4 FreeRTOS/tasks.o
                0x000000002000002c                pxCurrentTCB
 .bss.pxReadyTasksLists
                0x0000000020000030      0x12c FreeRTOS/tasks.o
 .bss.xDelayedTaskList1
                0x000000002000015c       0x14 FreeRTOS/tasks.o
 .bss.xDelayedTaskList2
                0x0000000020000170       0x14 FreeRTOS/tasks.o
 .bss.pxDelayedTaskList
                0x0000000020000184        0x4 FreeRTOS/tasks.o
 .bss.pxOverflowDelayedTaskList
                0x0000000020000188        0x4 FreeRTOS/tasks.o
 .bss.xPendingReadyList
                0x000000002000018c       0x14 FreeRTOS/tasks.o
 .bss.xTasksWaitingTermination
                0x00000000200001a0       0x14 FreeRTOS/tasks.o
 .bss.uxDeletedTasksWaitingCleanUp
                0x00000000200001b4        0x4 FreeRTOS/tasks.o
 .bss.xSuspendedTaskList
                0x00000000200001b8       0x14 FreeRTOS/tasks.o
 .bss.uxCurrentNumberOfTasks
                0x00000000200001cc        0x4 FreeRTOS/tasks.o
 .bss.xTickCount
                0x00000000200001d0        0x4 FreeRTOS/tasks.o
 .bss.uxTopReadyPriority
                0x00000000200001d4        0x4 FreeRTOS/tasks.o
 .bss.xSchedulerRunning
                0x00000000200001d8        0x4 FreeRTOS/tasks.o
 .bss.uxPendedTicks
                0x00000000200001dc        0x4 FreeRTOS/tasks.o
 .bss.xYieldPending
                0x00000000200001e0        0x4 FreeRTOS/tasks.o
 .bss.xNumOfOverflows
                0x00000000200001e4        0x4 FreeRTOS/tasks.o
 .bss.uxTaskNumber
                0x00000000200001e8        0x4 FreeRTOS/tasks.o
 .bss.xNextTaskUnblockTime
                0x00000000200001ec        0x4 FreeRTOS/tasks.o
 .bss.xIdleTaskHandle
                0x00000000200001f0        0x4 FreeRTOS/tasks.o
 .bss.uxSchedulerSuspended
                0x00000000200001f4        0x4 FreeRTOS/tasks.o
 .bss.xActiveTimerList1
                0x00000000200001f8       0x14 FreeRTOS/timers.o
 .bss.xActiveTimerList2
                0x000000002000020c       0x14 FreeRTOS/timers.o
 .bss.pxCurrentTimerList
                0x0000000020000220        0x4 FreeRTOS/timers.o
 .bss.pxOverflowTimerList
                0x0000000020000224        0x4 FreeRTOS/timers.o
 .bss.xTimerQueue
                0x0000000020000228        0x4 FreeRTOS/timers.o
 .bss.xTimerTaskHandle
                0x000000002000022c        0x4 FreeRTOS/timers.o
 .bss.xLastTime.9282
                0x0000000020000230        0x4 FreeRTOS/timers.o
 .bss.ucMaxSysCallPriority
                0x0000000020000234        0x1 FreeRTOS/portable/ARM_CM4F/port.o
 *fill*         0x0000000020000235        0x3 
 .bss.ulMaxPRIGROUPValue
                0x0000000020000238        0x4 FreeRTOS/portable/ARM_CM4F/port.o
 .bss.ucHeap    0x000000002000023c     0x3c00 FreeRTOS/portable/MemMang/heap_4.o
 .bss.xStart    0x0000000020003e3c        0x8 FreeRTOS/portable/MemMang/heap_4.o
 .bss.pxEnd     0x0000000020003e44        0x4 FreeRTOS/portable/MemMang/heap_4.o
 .bss.xFreeBytesRemaining
                0x0000000020003e48        0x4 FreeRTOS/portable/MemMang/heap_4.o
 .bss.xMinimumEverFreeBytesRemaining
                0x0000000020003e4c        0x4 FreeRTOS/portable/MemMang/heap_4.o
 .bss.xBlockAllocatedBit
                0x0000000020003e50        0x4 FreeRTOS/portable/MemMang/heap_4.o
 *(COMMON)
 COMMON         0x0000000020003e54       0x44 Core/Src/main.o
                0x0000000020003e54                huart2
                0x0000000020003e94                xQueue1
 COMMON         0x0000000020003e98       0x40 Core/Src/stm32f4xx_hal_timebase_tim.o
                0x0000000020003e98                htim7
 COMMON         0x0000000020003ed8        0x4 Drivers/STM32F4xx_HAL_Driver/Src/stm32f4xx_hal.o
                0x0000000020003ed8                uwTick
 COMMON         0x0000000020003edc       0x40 FreeRTOS/queue.o
                0x0000000020003edc                xQueueRegistry
                0x0000000020003f1c                . = ALIGN (0x4)
                0x0000000020003f1c                _ebss = .
                0x0000000020003f1c                __bss_end__ = _ebss

._user_heap_stack
                0x0000000020003f1c      0x604 load address 0x0000000008005748
                0x0000000020003f20                . = ALIGN (0x8)
 *fill*         0x0000000020003f1c        0x4 
                [!provide]                        PROVIDE (end = .)
                0x0000000020003f20                PROVIDE (_end = .)
                0x0000000020004120                . = (. + _Min_Heap_Size)
 *fill*         0x0000000020003f20      0x200 
                0x0000000020004520                . = (. + _Min_Stack_Size)
 *fill*         0x0000000020004120      0x400 
                0x0000000020004520                . = ALIGN (0x8)

/DISCARD/
 libc.a(*)
 libm.a(*)
 libgcc.a(*)

.ARM.attributes
                0x0000000000000000       0x30
 *(.ARM.attributes)
 .ARM.attributes
                0x0000000000000000       0x22 /opt/st/stm32cubeide_1.5.1/plugins/com.st.stm32cube.ide.mcu.externaltools.gnu-tools-for-stm32.7-2018-q2-update.linux64_1.5.0.202011040924/tools/bin/../lib/gcc/arm-none-eabi/7.3.1/thumb/v7e-m/fpv4-sp/hard/crti.o
 .ARM.attributes
                0x0000000000000022       0x34 /opt/st/stm32cubeide_1.5.1/plugins/com.st.stm32cube.ide.mcu.externaltools.gnu-tools-for-stm32.7-2018-q2-update.linux64_1.5.0.202011040924/tools/bin/../lib/gcc/arm-none-eabi/7.3.1/thumb/v7e-m/fpv4-sp/hard/crtbegin.o
 .ARM.attributes
                0x0000000000000056       0x39 Core/Src/main.o
 .ARM.attributes
                0x000000000000008f       0x39 Core/Src/stm32f4xx_hal_msp.o
 .ARM.attributes
                0x00000000000000c8       0x39 Core/Src/stm32f4xx_hal_timebase_tim.o
 .ARM.attributes
                0x0000000000000101       0x39 Core/Src/stm32f4xx_it.o
 .ARM.attributes
                0x000000000000013a       0x39 Core/Src/system_stm32f4xx.o
 .ARM.attributes
                0x0000000000000173       0x21 Core/Startup/startup_stm32f407vgtx.o
 .ARM.attributes
                0x0000000000000194       0x39 Drivers/STM32F4xx_HAL_Driver/Src/stm32f4xx_hal.o
 .ARM.attributes
                0x00000000000001cd       0x39 Drivers/STM32F4xx_HAL_Driver/Src/stm32f4xx_hal_cortex.o
 .ARM.attributes
                0x0000000000000206       0x39 Drivers/STM32F4xx_HAL_Driver/Src/stm32f4xx_hal_gpio.o
 .ARM.attributes
                0x000000000000023f       0x39 Drivers/STM32F4xx_HAL_Driver/Src/stm32f4xx_hal_rcc.o
 .ARM.attributes
                0x0000000000000278       0x39 Drivers/STM32F4xx_HAL_Driver/Src/stm32f4xx_hal_tim.o
 .ARM.attributes
                0x00000000000002b1       0x39 Drivers/STM32F4xx_HAL_Driver/Src/stm32f4xx_hal_tim_ex.o
 .ARM.attributes
                0x00000000000002ea       0x39 Drivers/STM32F4xx_HAL_Driver/Src/stm32f4xx_hal_uart.o
 .ARM.attributes
                0x0000000000000323       0x39 FreeRTOS/list.o
 .ARM.attributes
                0x000000000000035c       0x39 FreeRTOS/queue.o
 .ARM.attributes
                0x0000000000000395       0x39 FreeRTOS/tasks.o
 .ARM.attributes
                0x00000000000003ce       0x39 FreeRTOS/timers.o
 .ARM.attributes
                0x0000000000000407       0x39 FreeRTOS/portable/ARM_CM4F/port.o
 .ARM.attributes
                0x0000000000000440       0x39 FreeRTOS/portable/MemMang/heap_4.o
 .ARM.attributes
                0x0000000000000479       0x34 /opt/st/stm32cubeide_1.5.1/plugins/com.st.stm32cube.ide.mcu.externaltools.gnu-tools-for-stm32.7-2018-q2-update.linux64_1.5.0.202011040924/tools/bin/../lib/gcc/arm-none-eabi/7.3.1/../../../../arm-none-eabi/lib/thumb/v7e-m/fpv4-sp/hard/libc_nano.a(lib_a-init.o)
 .ARM.attributes
                0x00000000000004ad       0x34 /opt/st/stm32cubeide_1.5.1/plugins/com.st.stm32cube.ide.mcu.externaltools.gnu-tools-for-stm32.7-2018-q2-update.linux64_1.5.0.202011040924/tools/bin/../lib/gcc/arm-none-eabi/7.3.1/../../../../arm-none-eabi/lib/thumb/v7e-m/fpv4-sp/hard/libc_nano.a(lib_a-memcpy-stub.o)
 .ARM.attributes
                0x00000000000004e1       0x34 /opt/st/stm32cubeide_1.5.1/plugins/com.st.stm32cube.ide.mcu.externaltools.gnu-tools-for-stm32.7-2018-q2-update.linux64_1.5.0.202011040924/tools/bin/../lib/gcc/arm-none-eabi/7.3.1/../../../../arm-none-eabi/lib/thumb/v7e-m/fpv4-sp/hard/libc_nano.a(lib_a-memset.o)
 .ARM.attributes
                0x0000000000000515       0x1b /opt/st/stm32cubeide_1.5.1/plugins/com.st.stm32cube.ide.mcu.externaltools.gnu-tools-for-stm32.7-2018-q2-update.linux64_1.5.0.202011040924/tools/bin/../lib/gcc/arm-none-eabi/7.3.1/../../../../arm-none-eabi/lib/thumb/v7e-m/fpv4-sp/hard/libc_nano.a(lib_a-strlen.o)
 .ARM.attributes
                0x0000000000000530       0x34 /opt/st/stm32cubeide_1.5.1/plugins/com.st.stm32cube.ide.mcu.externaltools.gnu-tools-for-stm32.7-2018-q2-update.linux64_1.5.0.202011040924/tools/bin/../lib/gcc/arm-none-eabi/7.3.1/../../../../arm-none-eabi/lib/thumb/v7e-m/fpv4-sp/hard/libc_nano.a(lib_a-strncpy.o)
 .ARM.attributes
                0x0000000000000564       0x22 /opt/st/stm32cubeide_1.5.1/plugins/com.st.stm32cube.ide.mcu.externaltools.gnu-tools-for-stm32.7-2018-q2-update.linux64_1.5.0.202011040924/tools/bin/../lib/gcc/arm-none-eabi/7.3.1/thumb/v7e-m/fpv4-sp/hard/libgcc.a(_aeabi_uldivmod.o)
 .ARM.attributes
                0x0000000000000586       0x34 /opt/st/stm32cubeide_1.5.1/plugins/com.st.stm32cube.ide.mcu.externaltools.gnu-tools-for-stm32.7-2018-q2-update.linux64_1.5.0.202011040924/tools/bin/../lib/gcc/arm-none-eabi/7.3.1/thumb/v7e-m/fpv4-sp/hard/libgcc.a(_udivmoddi4.o)
 .ARM.attributes
                0x00000000000005ba       0x22 /opt/st/stm32cubeide_1.5.1/plugins/com.st.stm32cube.ide.mcu.externaltools.gnu-tools-for-stm32.7-2018-q2-update.linux64_1.5.0.202011040924/tools/bin/../lib/gcc/arm-none-eabi/7.3.1/thumb/v7e-m/fpv4-sp/hard/libgcc.a(_dvmd_tls.o)
 .ARM.attributes
                0x00000000000005dc       0x22 /opt/st/stm32cubeide_1.5.1/plugins/com.st.stm32cube.ide.mcu.externaltools.gnu-tools-for-stm32.7-2018-q2-update.linux64_1.5.0.202011040924/tools/bin/../lib/gcc/arm-none-eabi/7.3.1/thumb/v7e-m/fpv4-sp/hard/crtn.o
OUTPUT(Embedded_OS_Lab1_P76091234.elf elf32-littlearm)

.debug_info     0x0000000000000000    0x133a1
 .debug_info    0x0000000000000000      0xee6 Core/Src/main.o
 .debug_info    0x0000000000000ee6      0x941 Core/Src/stm32f4xx_hal_msp.o
 .debug_info    0x0000000000001827      0xb2d Core/Src/stm32f4xx_hal_timebase_tim.o
 .debug_info    0x0000000000002354      0x6b8 Core/Src/stm32f4xx_it.o
 .debug_info    0x0000000000002a0c      0x554 Core/Src/system_stm32f4xx.o
 .debug_info    0x0000000000002f60       0x22 Core/Startup/startup_stm32f407vgtx.o
 .debug_info    0x0000000000002f82      0x945 Drivers/STM32F4xx_HAL_Driver/Src/stm32f4xx_hal.o
 .debug_info    0x00000000000038c7      0xe28 Drivers/STM32F4xx_HAL_Driver/Src/stm32f4xx_hal_cortex.o
 .debug_info    0x00000000000046ef      0x7b5 Drivers/STM32F4xx_HAL_Driver/Src/stm32f4xx_hal_gpio.o
 .debug_info    0x0000000000004ea4      0x904 Drivers/STM32F4xx_HAL_Driver/Src/stm32f4xx_hal_rcc.o
 .debug_info    0x00000000000057a8     0x24a9 Drivers/STM32F4xx_HAL_Driver/Src/stm32f4xx_hal_tim.o
 .debug_info    0x0000000000007c51     0x1157 Drivers/STM32F4xx_HAL_Driver/Src/stm32f4xx_hal_tim_ex.o
 .debug_info    0x0000000000008da8     0x124c Drivers/STM32F4xx_HAL_Driver/Src/stm32f4xx_hal_uart.o
 .debug_info    0x0000000000009ff4      0xacb FreeRTOS/list.o
 .debug_info    0x000000000000aabf     0x244c FreeRTOS/queue.o
 .debug_info    0x000000000000cf0b     0x2f71 FreeRTOS/tasks.o
 .debug_info    0x000000000000fe7c     0x198f FreeRTOS/timers.o
 .debug_info    0x000000000001180b      0xa81 FreeRTOS/portable/ARM_CM4F/port.o
 .debug_info    0x000000000001228c     0x1115 FreeRTOS/portable/MemMang/heap_4.o

.debug_abbrev   0x0000000000000000     0x28b4
 .debug_abbrev  0x0000000000000000      0x275 Core/Src/main.o
 .debug_abbrev  0x0000000000000275      0x18c Core/Src/stm32f4xx_hal_msp.o
 .debug_abbrev  0x0000000000000401      0x19d Core/Src/stm32f4xx_hal_timebase_tim.o
 .debug_abbrev  0x000000000000059e      0x15a Core/Src/stm32f4xx_it.o
 .debug_abbrev  0x00000000000006f8      0x12b Core/Src/system_stm32f4xx.o
 .debug_abbrev  0x0000000000000823       0x12 Core/Startup/startup_stm32f407vgtx.o
 .debug_abbrev  0x0000000000000835      0x1c7 Drivers/STM32F4xx_HAL_Driver/Src/stm32f4xx_hal.o
 .debug_abbrev  0x00000000000009fc      0x2fa Drivers/STM32F4xx_HAL_Driver/Src/stm32f4xx_hal_cortex.o
 .debug_abbrev  0x0000000000000cf6      0x1c9 Drivers/STM32F4xx_HAL_Driver/Src/stm32f4xx_hal_gpio.o
 .debug_abbrev  0x0000000000000ebf      0x245 Drivers/STM32F4xx_HAL_Driver/Src/stm32f4xx_hal_rcc.o
 .debug_abbrev  0x0000000000001104      0x230 Drivers/STM32F4xx_HAL_Driver/Src/stm32f4xx_hal_tim.o
 .debug_abbrev  0x0000000000001334      0x21e Drivers/STM32F4xx_HAL_Driver/Src/stm32f4xx_hal_tim_ex.o
 .debug_abbrev  0x0000000000001552      0x242 Drivers/STM32F4xx_HAL_Driver/Src/stm32f4xx_hal_uart.o
 .debug_abbrev  0x0000000000001794      0x1cf FreeRTOS/list.o
 .debug_abbrev  0x0000000000001963      0x343 FreeRTOS/queue.o
 .debug_abbrev  0x0000000000001ca6      0x370 FreeRTOS/tasks.o
 .debug_abbrev  0x0000000000002016      0x300 FreeRTOS/timers.o
 .debug_abbrev  0x0000000000002316      0x2c1 FreeRTOS/portable/ARM_CM4F/port.o
 .debug_abbrev  0x00000000000025d7      0x2dd FreeRTOS/portable/MemMang/heap_4.o

.debug_aranges  0x0000000000000000     0x1028
 .debug_aranges
                0x0000000000000000       0x68 Core/Src/main.o
 .debug_aranges
                0x0000000000000068       0x30 Core/Src/stm32f4xx_hal_msp.o
 .debug_aranges
                0x0000000000000098       0x30 Core/Src/stm32f4xx_hal_timebase_tim.o
 .debug_aranges
                0x00000000000000c8       0x50 Core/Src/stm32f4xx_it.o
 .debug_aranges
                0x0000000000000118       0x28 Core/Src/system_stm32f4xx.o
 .debug_aranges
                0x0000000000000140       0x28 Core/Startup/startup_stm32f407vgtx.o
 .debug_aranges
                0x0000000000000168       0xf0 Drivers/STM32F4xx_HAL_Driver/Src/stm32f4xx_hal.o
 .debug_aranges
                0x0000000000000258      0x118 Drivers/STM32F4xx_HAL_Driver/Src/stm32f4xx_hal_cortex.o
 .debug_aranges
                0x0000000000000370       0x58 Drivers/STM32F4xx_HAL_Driver/Src/stm32f4xx_hal_gpio.o
 .debug_aranges
                0x00000000000003c8       0x88 Drivers/STM32F4xx_HAL_Driver/Src/stm32f4xx_hal_rcc.o
 .debug_aranges
                0x0000000000000450      0x3a8 Drivers/STM32F4xx_HAL_Driver/Src/stm32f4xx_hal_tim.o
 .debug_aranges
                0x00000000000007f8      0x150 Drivers/STM32F4xx_HAL_Driver/Src/stm32f4xx_hal_tim_ex.o
 .debug_aranges
                0x0000000000000948      0x1d0 Drivers/STM32F4xx_HAL_Driver/Src/stm32f4xx_hal_uart.o
 .debug_aranges
                0x0000000000000b18       0x40 FreeRTOS/list.o
 .debug_aranges
                0x0000000000000b58      0x130 FreeRTOS/queue.o
 .debug_aranges
                0x0000000000000c88      0x200 FreeRTOS/tasks.o
 .debug_aranges
                0x0000000000000e88       0xd0 FreeRTOS/timers.o
 .debug_aranges
                0x0000000000000f58       0x80 FreeRTOS/portable/ARM_CM4F/port.o
 .debug_aranges
                0x0000000000000fd8       0x50 FreeRTOS/portable/MemMang/heap_4.o

.debug_ranges   0x0000000000000000      0xf00
 .debug_ranges  0x0000000000000000       0x58 Core/Src/main.o
 .debug_ranges  0x0000000000000058       0x20 Core/Src/stm32f4xx_hal_msp.o
 .debug_ranges  0x0000000000000078       0x20 Core/Src/stm32f4xx_hal_timebase_tim.o
 .debug_ranges  0x0000000000000098       0x40 Core/Src/stm32f4xx_it.o
 .debug_ranges  0x00000000000000d8       0x18 Core/Src/system_stm32f4xx.o
 .debug_ranges  0x00000000000000f0       0x20 Core/Startup/startup_stm32f407vgtx.o
 .debug_ranges  0x0000000000000110       0xe0 Drivers/STM32F4xx_HAL_Driver/Src/stm32f4xx_hal.o
 .debug_ranges  0x00000000000001f0      0x108 Drivers/STM32F4xx_HAL_Driver/Src/stm32f4xx_hal_cortex.o
 .debug_ranges  0x00000000000002f8       0x48 Drivers/STM32F4xx_HAL_Driver/Src/stm32f4xx_hal_gpio.o
 .debug_ranges  0x0000000000000340       0x78 Drivers/STM32F4xx_HAL_Driver/Src/stm32f4xx_hal_rcc.o
 .debug_ranges  0x00000000000003b8      0x398 Drivers/STM32F4xx_HAL_Driver/Src/stm32f4xx_hal_tim.o
 .debug_ranges  0x0000000000000750      0x140 Drivers/STM32F4xx_HAL_Driver/Src/stm32f4xx_hal_tim_ex.o
 .debug_ranges  0x0000000000000890      0x1c0 Drivers/STM32F4xx_HAL_Driver/Src/stm32f4xx_hal_uart.o
 .debug_ranges  0x0000000000000a50       0x30 FreeRTOS/list.o
 .debug_ranges  0x0000000000000a80      0x120 FreeRTOS/queue.o
 .debug_ranges  0x0000000000000ba0      0x1f0 FreeRTOS/tasks.o
 .debug_ranges  0x0000000000000d90       0xc0 FreeRTOS/timers.o
 .debug_ranges  0x0000000000000e50       0x70 FreeRTOS/portable/ARM_CM4F/port.o
 .debug_ranges  0x0000000000000ec0       0x40 FreeRTOS/portable/MemMang/heap_4.o

.debug_macro    0x0000000000000000    0x21e54
 .debug_macro   0x0000000000000000      0x258 Core/Src/main.o
 .debug_macro   0x0000000000000258      0xa5a Core/Src/main.o
 .debug_macro   0x0000000000000cb2      0x294 Core/Src/main.o
 .debug_macro   0x0000000000000f46       0x2e Core/Src/main.o
 .debug_macro   0x0000000000000f74       0x2f Core/Src/main.o
 .debug_macro   0x0000000000000fa3       0x22 Core/Src/main.o
 .debug_macro   0x0000000000000fc5       0x8e Core/Src/main.o
 .debug_macro   0x0000000000001053       0x51 Core/Src/main.o
 .debug_macro   0x00000000000010a4       0xef Core/Src/main.o
 .debug_macro   0x0000000000001193       0x6a Core/Src/main.o
 .debug_macro   0x00000000000011fd      0x1df Core/Src/main.o
 .debug_macro   0x00000000000013dc       0x1c Core/Src/main.o
 .debug_macro   0x00000000000013f8       0x22 Core/Src/main.o
 .debug_macro   0x000000000000141a       0xdf Core/Src/main.o
 .debug_macro   0x00000000000014f9     0x102d Core/Src/main.o
 .debug_macro   0x0000000000002526      0x11f Core/Src/main.o
 .debug_macro   0x0000000000002645    0x15e3c Core/Src/main.o
 .debug_macro   0x0000000000018481       0x43 Core/Src/main.o
 .debug_macro   0x00000000000184c4     0x3659 Core/Src/main.o
 .debug_macro   0x000000000001bb1d      0x174 Core/Src/main.o
 .debug_macro   0x000000000001bc91       0x5a Core/Src/main.o
 .debug_macro   0x000000000001bceb      0x96b Core/Src/main.o
 .debug_macro   0x000000000001c656      0x9fe Core/Src/main.o
 .debug_macro   0x000000000001d054      0x117 Core/Src/main.o
 .debug_macro   0x000000000001d16b      0x13e Core/Src/main.o
 .debug_macro   0x000000000001d2a9       0x27 Core/Src/main.o
 .debug_macro   0x000000000001d2d0      0x174 Core/Src/main.o
 .debug_macro   0x000000000001d444      0x287 Core/Src/main.o
 .debug_macro   0x000000000001d6cb       0x5f Core/Src/main.o
 .debug_macro   0x000000000001d72a      0x236 Core/Src/main.o
 .debug_macro   0x000000000001d960      0x12c Core/Src/main.o
 .debug_macro   0x000000000001da8c      0x21e Core/Src/main.o
 .debug_macro   0x000000000001dcaa       0x2e Core/Src/main.o
 .debug_macro   0x000000000001dcd8      0x11a Core/Src/main.o
 .debug_macro   0x000000000001ddf2       0x7e Core/Src/main.o
 .debug_macro   0x000000000001de70       0x89 Core/Src/main.o
 .debug_macro   0x000000000001def9      0x8a0 Core/Src/main.o
 .debug_macro   0x000000000001e799       0x47 Core/Src/main.o
 .debug_macro   0x000000000001e7e0      0x287 Core/Src/main.o
 .debug_macro   0x000000000001ea67      0x12d Core/Src/main.o
 .debug_macro   0x000000000001eb94       0x28 Core/Src/main.o
 .debug_macro   0x000000000001ebbc      0x106 Core/Src/main.o
 .debug_macro   0x000000000001ecc2      0x15a Core/Src/main.o
 .debug_macro   0x000000000001ee1c       0xe4 Core/Src/main.o
 .debug_macro   0x000000000001ef00       0x1c Core/Src/main.o
 .debug_macro   0x000000000001ef1c       0x26 Core/Src/main.o
 .debug_macro   0x000000000001ef42      0x4d3 Core/Src/main.o
 .debug_macro   0x000000000001f415       0xbc Core/Src/main.o
 .debug_macro   0x000000000001f4d1       0xaa Core/Src/main.o
 .debug_macro   0x000000000001f57b       0x80 Core/Src/main.o
 .debug_macro   0x000000000001f5fb      0x1dd Core/Src/stm32f4xx_hal_msp.o
 .debug_macro   0x000000000001f7d8      0x1ce Core/Src/stm32f4xx_hal_timebase_tim.o
 .debug_macro   0x000000000001f9a6      0x1e7 Core/Src/stm32f4xx_it.o
 .debug_macro   0x000000000001fb8d      0x1d4 Core/Src/system_stm32f4xx.o
 .debug_macro   0x000000000001fd61      0x22e Drivers/STM32F4xx_HAL_Driver/Src/stm32f4xx_hal.o
 .debug_macro   0x000000000001ff8f      0x1ce Drivers/STM32F4xx_HAL_Driver/Src/stm32f4xx_hal_cortex.o
 .debug_macro   0x000000000002015d      0x204 Drivers/STM32F4xx_HAL_Driver/Src/stm32f4xx_hal_gpio.o
 .debug_macro   0x0000000000020361      0x1f2 Drivers/STM32F4xx_HAL_Driver/Src/stm32f4xx_hal_rcc.o
 .debug_macro   0x0000000000020553      0x1cf Drivers/STM32F4xx_HAL_Driver/Src/stm32f4xx_hal_tim.o
 .debug_macro   0x0000000000020722      0x1ce Drivers/STM32F4xx_HAL_Driver/Src/stm32f4xx_hal_tim_ex.o
 .debug_macro   0x00000000000208f0      0x1cf Drivers/STM32F4xx_HAL_Driver/Src/stm32f4xx_hal_uart.o
 .debug_macro   0x0000000000020abf      0x17a FreeRTOS/list.o
 .debug_macro   0x0000000000020c39      0x36f FreeRTOS/queue.o
 .debug_macro   0x0000000000020fa8       0x16 FreeRTOS/queue.o
 .debug_macro   0x0000000000020fbe       0x20 FreeRTOS/queue.o
 .debug_macro   0x0000000000020fde      0x497 FreeRTOS/tasks.o
 .debug_macro   0x0000000000021475       0x10 FreeRTOS/tasks.o
 .debug_macro   0x0000000000021485      0x335 FreeRTOS/timers.o
 .debug_macro   0x00000000000217ba       0x97 FreeRTOS/timers.o
 .debug_macro   0x0000000000021851      0x2fc FreeRTOS/portable/ARM_CM4F/port.o
 .debug_macro   0x0000000000021b4d      0x307 FreeRTOS/portable/MemMang/heap_4.o

.debug_line     0x0000000000000000     0xd0d0
 .debug_line    0x0000000000000000      0x91b Core/Src/main.o
 .debug_line    0x000000000000091b      0x6cc Core/Src/stm32f4xx_hal_msp.o
 .debug_line    0x0000000000000fe7      0x6d1 Core/Src/stm32f4xx_hal_timebase_tim.o
 .debug_line    0x00000000000016b8      0x723 Core/Src/stm32f4xx_it.o
 .debug_line    0x0000000000001ddb      0x6b8 Core/Src/system_stm32f4xx.o
 .debug_line    0x0000000000002493       0x85 Core/Startup/startup_stm32f407vgtx.o
 .debug_line    0x0000000000002518      0x8a2 Drivers/STM32F4xx_HAL_Driver/Src/stm32f4xx_hal.o
 .debug_line    0x0000000000002dba      0x9c6 Drivers/STM32F4xx_HAL_Driver/Src/stm32f4xx_hal_cortex.o
 .debug_line    0x0000000000003780      0x881 Drivers/STM32F4xx_HAL_Driver/Src/stm32f4xx_hal_gpio.o
 .debug_line    0x0000000000004001      0x8fa Drivers/STM32F4xx_HAL_Driver/Src/stm32f4xx_hal_rcc.o
 .debug_line    0x00000000000048fb     0x191b Drivers/STM32F4xx_HAL_Driver/Src/stm32f4xx_hal_tim.o
 .debug_line    0x0000000000006216      0xcb8 Drivers/STM32F4xx_HAL_Driver/Src/stm32f4xx_hal_tim_ex.o
 .debug_line    0x0000000000006ece      0xfb0 Drivers/STM32F4xx_HAL_Driver/Src/stm32f4xx_hal_uart.o
 .debug_line    0x0000000000007e7e      0x65c FreeRTOS/list.o
 .debug_line    0x00000000000084da     0x12c3 FreeRTOS/queue.o
 .debug_line    0x000000000000979d     0x17e9 FreeRTOS/tasks.o
 .debug_line    0x000000000000af86      0xce6 FreeRTOS/timers.o
 .debug_line    0x000000000000bc6c      0xa09 FreeRTOS/portable/ARM_CM4F/port.o
 .debug_line    0x000000000000c675      0xa5b FreeRTOS/portable/MemMang/heap_4.o

.debug_str      0x0000000000000000    0xd1231
 .debug_str     0x0000000000000000    0xc6eef Core/Src/main.o
                                      0xc7240 (size before relaxing)
 .debug_str     0x00000000000c6eef       0x56 Core/Src/stm32f4xx_hal_msp.o
                                      0xc2903 (size before relaxing)
 .debug_str     0x00000000000c6f45      0x57b Core/Src/stm32f4xx_hal_timebase_tim.o
                                      0xc2dc3 (size before relaxing)
 .debug_str     0x00000000000c74c0       0xa2 Core/Src/stm32f4xx_it.o
                                      0xc27f9 (size before relaxing)
 .debug_str     0x00000000000c7562       0xc4 Core/Src/system_stm32f4xx.o
                                      0xc244d (size before relaxing)
 .debug_str     0x00000000000c7626       0x36 Core/Startup/startup_stm32f407vgtx.o
                                         0x84 (size before relaxing)
 .debug_str     0x00000000000c765c      0x542 Drivers/STM32F4xx_HAL_Driver/Src/stm32f4xx_hal.o
                                      0xc2f1a (size before relaxing)
 .debug_str     0x00000000000c7b9e      0x392 Drivers/STM32F4xx_HAL_Driver/Src/stm32f4xx_hal_cortex.o
                                      0xc2d09 (size before relaxing)
 .debug_str     0x00000000000c7f30      0x20c Drivers/STM32F4xx_HAL_Driver/Src/stm32f4xx_hal_gpio.o
                                      0xc268c (size before relaxing)
 .debug_str     0x00000000000c813c      0x24f Drivers/STM32F4xx_HAL_Driver/Src/stm32f4xx_hal_rcc.o
                                      0xc283a (size before relaxing)
 .debug_str     0x00000000000c838b      0xd6f Drivers/STM32F4xx_HAL_Driver/Src/stm32f4xx_hal_tim.o
                                      0xc3559 (size before relaxing)
 .debug_str     0x00000000000c90fa      0x4ec Drivers/STM32F4xx_HAL_Driver/Src/stm32f4xx_hal_tim_ex.o
                                      0xc2d59 (size before relaxing)
 .debug_str     0x00000000000c95e6      0x516 Drivers/STM32F4xx_HAL_Driver/Src/stm32f4xx_hal_uart.o
                                      0xc2c99 (size before relaxing)
 .debug_str     0x00000000000c9afc     0x30d4 FreeRTOS/list.o
                                       0xa834 (size before relaxing)
 .debug_str     0x00000000000ccbd0      0x951 FreeRTOS/queue.o
                                      0xca662 (size before relaxing)
 .debug_str     0x00000000000cd521     0x2e01 FreeRTOS/tasks.o
                                      0xcc615 (size before relaxing)
 .debug_str     0x00000000000d0322      0x4fd FreeRTOS/timers.o
                                      0xcaa63 (size before relaxing)
 .debug_str     0x00000000000d081f      0x7e0 FreeRTOS/portable/ARM_CM4F/port.o
                                      0xc6d5f (size before relaxing)
 .debug_str     0x00000000000d0fff      0x232 FreeRTOS/portable/MemMang/heap_4.o
                                      0xc9753 (size before relaxing)

.comment        0x0000000000000000       0x7b
 .comment       0x0000000000000000       0x7b Core/Src/main.o
                                         0x7c (size before relaxing)
 .comment       0x000000000000007b       0x7c Core/Src/stm32f4xx_hal_msp.o
 .comment       0x000000000000007b       0x7c Core/Src/stm32f4xx_hal_timebase_tim.o
 .comment       0x000000000000007b       0x7c Core/Src/stm32f4xx_it.o
 .comment       0x000000000000007b       0x7c Core/Src/system_stm32f4xx.o
 .comment       0x000000000000007b       0x7c Drivers/STM32F4xx_HAL_Driver/Src/stm32f4xx_hal.o
 .comment       0x000000000000007b       0x7c Drivers/STM32F4xx_HAL_Driver/Src/stm32f4xx_hal_cortex.o
 .comment       0x000000000000007b       0x7c Drivers/STM32F4xx_HAL_Driver/Src/stm32f4xx_hal_gpio.o
 .comment       0x000000000000007b       0x7c Drivers/STM32F4xx_HAL_Driver/Src/stm32f4xx_hal_rcc.o
 .comment       0x000000000000007b       0x7c Drivers/STM32F4xx_HAL_Driver/Src/stm32f4xx_hal_tim.o
 .comment       0x000000000000007b       0x7c Drivers/STM32F4xx_HAL_Driver/Src/stm32f4xx_hal_tim_ex.o
 .comment       0x000000000000007b       0x7c Drivers/STM32F4xx_HAL_Driver/Src/stm32f4xx_hal_uart.o
 .comment       0x000000000000007b       0x7c FreeRTOS/list.o
 .comment       0x000000000000007b       0x7c FreeRTOS/queue.o
 .comment       0x000000000000007b       0x7c FreeRTOS/tasks.o
 .comment       0x000000000000007b       0x7c FreeRTOS/timers.o
 .comment       0x000000000000007b       0x7c FreeRTOS/portable/ARM_CM4F/port.o
 .comment       0x000000000000007b       0x7c FreeRTOS/portable/MemMang/heap_4.o

.debug_frame    0x0000000000000000     0x438c
 .debug_frame   0x0000000000000000      0x150 Core/Src/main.o
 .debug_frame   0x0000000000000150       0x80 Core/Src/stm32f4xx_hal_msp.o
 .debug_frame   0x00000000000001d0       0x74 Core/Src/stm32f4xx_hal_timebase_tim.o
 .debug_frame   0x0000000000000244       0xc4 Core/Src/stm32f4xx_it.o
 .debug_frame   0x0000000000000308       0x58 Core/Src/system_stm32f4xx.o
 .debug_frame   0x0000000000000360      0x374 Drivers/STM32F4xx_HAL_Driver/Src/stm32f4xx_hal.o
 .debug_frame   0x00000000000006d4      0x498 Drivers/STM32F4xx_HAL_Driver/Src/stm32f4xx_hal_cortex.o
 .debug_frame   0x0000000000000b6c      0x14c Drivers/STM32F4xx_HAL_Driver/Src/stm32f4xx_hal_gpio.o
 .debug_frame   0x0000000000000cb8      0x1f0 Drivers/STM32F4xx_HAL_Driver/Src/stm32f4xx_hal_rcc.o
 .debug_frame   0x0000000000000ea8     0x10f0 Drivers/STM32F4xx_HAL_Driver/Src/stm32f4xx_hal_tim.o
 .debug_frame   0x0000000000001f98      0x5c0 Drivers/STM32F4xx_HAL_Driver/Src/stm32f4xx_hal_tim_ex.o
 .debug_frame   0x0000000000002558      0x844 Drivers/STM32F4xx_HAL_Driver/Src/stm32f4xx_hal_uart.o
 .debug_frame   0x0000000000002d9c       0xd8 FreeRTOS/list.o
 .debug_frame   0x0000000000002e74      0x530 FreeRTOS/queue.o
 .debug_frame   0x00000000000033a4      0x8d0 FreeRTOS/tasks.o
 .debug_frame   0x0000000000003c74      0x368 FreeRTOS/timers.o
 .debug_frame   0x0000000000003fdc      0x1a8 FreeRTOS/portable/ARM_CM4F/port.o
 .debug_frame   0x0000000000004184      0x108 FreeRTOS/portable/MemMang/heap_4.o
 .debug_frame   0x000000000000428c       0x2c /opt/st/stm32cubeide_1.5.1/plugins/com.st.stm32cube.ide.mcu.externaltools.gnu-tools-for-stm32.7-2018-q2-update.linux64_1.5.0.202011040924/tools/bin/../lib/gcc/arm-none-eabi/7.3.1/../../../../arm-none-eabi/lib/thumb/v7e-m/fpv4-sp/hard/libc_nano.a(lib_a-init.o)
 .debug_frame   0x00000000000042b8       0x28 /opt/st/stm32cubeide_1.5.1/plugins/com.st.stm32cube.ide.mcu.externaltools.gnu-tools-for-stm32.7-2018-q2-update.linux64_1.5.0.202011040924/tools/bin/../lib/gcc/arm-none-eabi/7.3.1/../../../../arm-none-eabi/lib/thumb/v7e-m/fpv4-sp/hard/libc_nano.a(lib_a-memcpy-stub.o)
 .debug_frame   0x00000000000042e0       0x20 /opt/st/stm32cubeide_1.5.1/plugins/com.st.stm32cube.ide.mcu.externaltools.gnu-tools-for-stm32.7-2018-q2-update.linux64_1.5.0.202011040924/tools/bin/../lib/gcc/arm-none-eabi/7.3.1/../../../../arm-none-eabi/lib/thumb/v7e-m/fpv4-sp/hard/libc_nano.a(lib_a-memset.o)
 .debug_frame   0x0000000000004300       0x2c /opt/st/stm32cubeide_1.5.1/plugins/com.st.stm32cube.ide.mcu.externaltools.gnu-tools-for-stm32.7-2018-q2-update.linux64_1.5.0.202011040924/tools/bin/../lib/gcc/arm-none-eabi/7.3.1/../../../../arm-none-eabi/lib/thumb/v7e-m/fpv4-sp/hard/libc_nano.a(lib_a-strncpy.o)
 .debug_frame   0x000000000000432c       0x2c /opt/st/stm32cubeide_1.5.1/plugins/com.st.stm32cube.ide.mcu.externaltools.gnu-tools-for-stm32.7-2018-q2-update.linux64_1.5.0.202011040924/tools/bin/../lib/gcc/arm-none-eabi/7.3.1/thumb/v7e-m/fpv4-sp/hard/libgcc.a(_aeabi_uldivmod.o)
 .debug_frame   0x0000000000004358       0x34 /opt/st/stm32cubeide_1.5.1/plugins/com.st.stm32cube.ide.mcu.externaltools.gnu-tools-for-stm32.7-2018-q2-update.linux64_1.5.0.202011040924/tools/bin/../lib/gcc/arm-none-eabi/7.3.1/thumb/v7e-m/fpv4-sp/hard/libgcc.a(_udivmoddi4.o)
